Containing Type  Method                                                                        
---------------- --------------------                                                          
StringValidation SurnameIsMandatory                                                            
StringValidation FirstNameIsMandatory                                                          
                                                                                               